whisper_init_from_file_with_params_no_state: loading model from '/home/user/DUB-/.cache/models/whisper-ggml/ggml-small.bin'
whisper_init_with_params_no_state: use gpu    = 1
whisper_init_with_params_no_state: flash attn = 0
whisper_init_with_params_no_state: gpu_device = 0
whisper_init_with_params_no_state: dtw        = 0
whisper_init_with_params_no_state: devices    = 1
whisper_init_with_params_no_state: backends   = 1
whisper_model_load: loading model
whisper_model_load: n_vocab       = 51865
whisper_model_load: n_audio_ctx   = 1500
whisper_model_load: n_audio_state = 768
whisper_model_load: n_audio_head  = 12
whisper_model_load: n_audio_layer = 12
whisper_model_load: n_text_ctx    = 448
whisper_model_load: n_text_state  = 768
whisper_model_load: n_text_head   = 12
whisper_model_load: n_text_layer  = 12
whisper_model_load: n_mels        = 80
whisper_model_load: ftype         = 1
whisper_model_load: qntvr         = 0
whisper_model_load: type          = 3 (small)
whisper_model_load: adding 1608 extra tokens
whisper_model_load: n_langs       = 99
whisper_model_load:          CPU total size =   487.01 MB
whisper_model_load: model size    =  487.01 MB
whisper_backend_init_gpu: no GPU found
whisper_init_state: kv self size  =   18.87 MB
whisper_init_state: kv cross size =   56.62 MB
whisper_init_state: kv pad  size  =    4.72 MB
whisper_init_state: compute buffer (conv)   =   22.41 MB
whisper_init_state: compute buffer (encode) =  128.01 MB
whisper_init_state: compute buffer (cross)  =    6.18 MB
whisper_init_state: compute buffer (decode) =   97.27 MB

system_info: n_threads = 2 / 2 | WHISPER : COREML = 0 | OPENVINO = 0 | CPU : SSE3 = 1 | SSSE3 = 1 | AVX = 1 | AVX2 = 1 | F16C = 1 | FMA = 1 | BMI2 = 1 | AVX512 = 1 | AVX512_VBMI = 1 | AVX512_VNNI = 1 | OPENMP = 1 | REPACK = 1 | 

main: processing '/home/user/DUB-/library/das-full/full.wav' (50278075 samples, 3142.4 sec), 2 threads, 1 processors, 5 beams + best of 5, lang = ar, task = transcribe, timestamps = 1 ...


[00:00:00.000 --> 00:00:02.000]   مجموعة أسطوري
[00:00:30.000 --> 00:00:36.000]   ده هو بطلنا داس عسكره قديم بعد مقضع شرات السنين بيحرف في المعارك
[00:00:36.000 --> 00:00:38.000]   المالي كفقه والداله أرضه خاصة بي
[00:00:38.000 --> 00:00:41.000]   بطلنا بقاله شهر بحاله من ساعة مؤكبر بشكل ماء
[00:00:41.000 --> 00:00:45.000]   انه يركب عربية خيل وتبتعد بيعنا العاصمة الملكية
[00:00:45.000 --> 00:00:48.000]   وبصراحة هو مش مبسود خالص انه هو سابة العاصمة
[00:00:48.000 --> 00:00:50.000]   ولما العربية وقفت أخيرا
[00:00:50.000 --> 00:00:53.000]   واحد من المسؤولين قالوا مبروكة معلم وصلنا الأرضك الجديدة
[00:00:53.000 --> 00:01:00.000]   وقلوا انها مكفقة تريب واحد يتيم واحد ملوج دهر ولا سنة بدأ من الصفر
[00:01:00.000 --> 00:01:04.820]   المسؤول سلم خريطة بتوضح حدود أرضه ومعها كما انكشف باللوازم والمؤ
[00:01:04.820 --> 00:01:05.000]  ن
[00:01:05.000 --> 00:01:06.000]   الملك بنفسه جاهز هاله
[00:01:06.000 --> 00:01:10.630]   وقلوا ان الارده دي اسمها نزروس وان من النهار ده داس هيباع اسمه داس
[00:01:10.630 --> 00:01:11.000]   نزروس
[00:01:11.000 --> 00:01:14.000]   ودس عتها فضى لبصل المسؤول وهو مش فاهم يوصد ايه
[00:01:14.000 --> 00:01:18.810]   لحد لما المسؤول سابه ومشة وبما انه ما فيش أي حاجة تانية يعملها بطل
[00:01:18.810 --> 00:01:19.000]  نا
[00:01:19.000 --> 00:01:23.000]   فكرر ان هو ياخد جولاوية مشة في أرضه الجديدة وهو ماش فوصة المراعي
[00:01:23.000 --> 00:01:24.000]   والمساحة الخضرة
[00:01:24.000 --> 00:01:28.240]   إلا ملهاش آخر حرفيا افتكر اليوم اللي الملك ملح فيه الأرضه دي كمكف
[00:01:28.240 --> 00:01:30.000]  قة على انجزاته بطلطه في الحرب
[00:01:30.000 --> 00:01:33.540]   بطلنا ما كانش فاهم يعني إيه لك بالرده أو صاحة بالأرض دي بس على حسب
[00:01:33.540 --> 00:01:36.000]   الكلمتين الصغيرين اللي تقلوله
[00:01:36.000 --> 00:01:40.790]   وظيفة اللرده هو انه يعيش فأرضه ويحمر عياه ويجمع الضرائب علشان الم
[00:01:40.790 --> 00:01:41.000]  لك
[00:01:41.000 --> 00:01:44.650]   فضل ماش ساعد كتير بس مقابل شواله بين اهدم واحد وما كانش فيه حتى
[00:01:44.650 --> 00:01:49.160]   ولا شجرة واحدة بينه في وسط كل المساحة الكبيرة دي فكرر ان هو يقف و
[00:01:49.160 --> 00:01:50.000]  يرتح شوية
[00:01:50.000 --> 00:01:54.560]   وبنشوفه هو بيشرب من مجرمائه صغير موجود في الأرض بتاعته فضل يتحك و
[00:01:54.560 --> 00:01:59.000]  يبتسم لانه بعد ما قد صنين طويلة وهو بيشرب مية تانية في أرض المعركة
[00:01:59.000 --> 00:02:03.770]   اخيرا با قدامه ما ينظيفه بيقدر انه يشربها ودفحت زتعة اعتبر رفهية
[00:02:03.770 --> 00:02:07.940]   بالنسبة للبطنة وعلى ما الليلجه داسكن اخد كراره وقالي نفسه وهيعمل
[00:02:07.940 --> 00:02:11.000]   كل اللي يقدر عليه ويدد المكان ده فرصة اخيرة
[00:02:11.000 --> 00:02:15.240]   لكن لو داني فضلت مقفله وضل مفوشه بعد يومين هيمشه هيسيب المكان قبل
[00:02:15.240 --> 00:02:20.130]   ما يموت هنا ولو وصلت لي كده هيدور على اي قرية تانية ويحاول يفيدهم
[00:02:20.130 --> 00:02:24.000]   بأي طريقة علشان يفضل دايما محق وصيت اهلو الاخيرة قبل ما يموته
[00:02:24.000 --> 00:02:28.240]   وعلى الاساس ده نام على الارضه رحت علي نوما وتاني يوم السبح ده الصح
[00:02:28.240 --> 00:02:33.490]  ة فقأ على حد بيدربه برجله بس الفوق وهو متبرجل ومش فهم حاجة وشاف بنت
[00:02:33.490 --> 00:02:37.560]   صغيره وقفه بتبصيله لتحت وقبل ما يلحق يستوعي بقل لي بيحصل زعائة وط
[00:02:37.560 --> 00:02:42.360]  لبت منه يعرفها وامينه بيعمل ايه هنا داس بكله برود عرفها بنفسه وقل
[00:02:42.360 --> 00:02:44.000]  ها انه هو كن نايم
[00:02:44.000 --> 00:02:48.860]   البنت تصدمت وبسطله باستغرابه سألته وانت غبي بس داس بكل بسطة فهمها
[00:02:48.860 --> 00:02:53.540]   انه تقله انه هو يعيش هنا وحالين هدفه الاساسي انه هو يفضل عايش وده
[00:02:53.540 --> 00:02:55.000]   لانه مش عاوز زي موت
[00:02:55.000 --> 00:02:59.350]   البنت افشت اكتر وتعصبت وبعت متأكده انه اكد بيهزر بس داس اكد لها ان
[00:02:59.350 --> 00:03:04.430]  ه هو بتكلم جده جدا وقلها انه هو عاوز زحقه وصيت اهلو الاخيرة ونفسي ي
[00:03:04.430 --> 00:03:07.000]  كون عنده هدف ويحمي الناس فأي وقت يقدر فيه
[00:03:07.000 --> 00:03:11.640]   وأول مخلص كلامه، الأرن اللي طالع من قورتها فقأ بدأ ينور بدو أزرأ خ
[00:03:11.640 --> 00:03:11.940]  فيف
[00:03:11.940 --> 00:03:16.840]   بس تلو هي متبرجيلة وسألته لي مش بيقدب بس ده سرد عليها بكل بساطة
[00:03:16.840 --> 00:03:21.270]   وأقلها أنه ما عنده سبب يخلي يقدب ودخل الأرن ينور باللون الأزرأ ت
[00:03:21.270 --> 00:03:21.600]  اني
[00:03:21.600 --> 00:03:25.920]   فسألته على طول لو كان هو عضوة والحليف بس ده سطبع مش عارف يرد لأنه ل
[00:03:25.920 --> 00:03:28.000]  سه يضب ما أبلين بعضه ما يعرفهش
[00:03:28.000 --> 00:03:31.990]   ولما لقاها صبرها بيمفز وبتستعاجله على شان يرد ده سفتكر فقأ أن ده أ
[00:03:31.990 --> 00:03:36.460]  رضه وبما أن الواضع كده يبقى البنت دي أكيد واحدة من رعايا ومفيش أي س
[00:03:36.460 --> 00:03:38.800]  بب يخلي ما يقفش في ظهرها ويحميها
[00:03:38.800 --> 00:03:43.110]   فأعلن على طول أنه هو حليف ليها هو عدها أنه مهما كان العدوة اللي هي
[00:03:43.110 --> 00:03:44.300]  ظهر هو هيحميها
[00:03:44.300 --> 00:03:48.250]   وفي الراحزة اللي قل فيها الكلم ده الأرن نور بقوة وجمدان أكثر من
[00:03:48.250 --> 00:03:49.300]   الأول بكتير
[00:03:49.300 --> 00:03:53.480]   لدرجة خلد ده لسه غطي عينه وهو مستغرب ومش فاهم اللي بيحصل بالظبط و
[00:03:53.480 --> 00:03:58.370]  من غرمة الديله أي تفسير البنت شدته وسحلته وراها حد قريتها علشان يق
[00:03:58.370 --> 00:03:59.500]  ابل كبير القرية
[00:03:59.500 --> 00:04:03.930]   وأول لما وصله ده صلاحز أن كل أهل القرية بيبصوله بشك وريبة غريبة بس
[00:04:03.930 --> 00:04:07.790]   الحاجة الوحيدة اللي كانت شغلة باله ومستغربها هي الزاي ما عرفش يو
[00:04:07.790 --> 00:04:11.800]  صل للقرية دين بارح بالرغم من أنه هو فضل يرفف المنطقة طول اليوم
[00:04:11.800 --> 00:04:16.000]   ولما أبل زعيمة القرية سألت البنت على طول لو كان أرنها نور رحمر في
[00:04:16.000 --> 00:04:18.400]   أي وقت والبنت طلع اسمها ألانة
[00:04:18.400 --> 00:04:22.920]   هزت رسى وألت لأة وقالت أنه هو فضل منور أزرأ طول الوقت وشرحت لها كم
[00:04:22.920 --> 00:04:25.600]  ان النهية لما سألت أنه هو حلف ليها ولا لأة
[00:04:25.600 --> 00:04:30.110]   الدوء الأزرأ زد نروه جدا بعد لما جاوب بأيوة الزعيمة فضلها تحرك وع
[00:04:30.110 --> 00:04:32.600]  لى طول سألت الدهز بمعنك حلف لألانة
[00:04:32.600 --> 00:04:37.400]   هل هتبقى حلف أنا كمان ومن غير ما بطن يفكر قال طبعا هكون حلفك
[00:04:37.400 --> 00:04:41.330]   وقال إن كل اللي هنا رعايا وفي الأول وفي الآخر الملك بعتو هنا علشان
[00:04:41.330 --> 00:04:43.700]   يحميهم وفي اللحظة اللي جف فيها سيرة الملك
[00:04:43.700 --> 00:04:48.000]   ألانة سحبت قصها على طول وجهة السهم نحيطه بس أبل لما تعمل أي حاجة ت
[00:04:48.000 --> 00:04:48.700]  انية
[00:04:48.700 --> 00:04:52.660]   الزعيمة على طول رفعت قدها وقالت لها ما تبقى اش متسرعة الزعيمة على
[00:04:52.660 --> 00:04:55.100]   رفد بنفسها وقالت أنه هي اسمها مول
[00:04:55.100 --> 00:04:59.400]   وطلبت من ده سبدأ الحكاية من الأول ويشرح بالظبت زي الملك بعتو هنا
[00:04:59.400 --> 00:05:00.900]   وتسوافق يحكي عن مضي
[00:05:00.900 --> 00:05:05.140]   وأدم ذكرياته كانت هو عيش مع أبو أمه أمه دايما كانت بتقوله يعمل الش
[00:05:05.140 --> 00:05:07.200]  غل اللي الناس بتلاقي مفيد لها
[00:05:07.200 --> 00:05:11.090]   وأبو دايما كان بيقوله يبقى راجل يحمي الضعيف والكلامات دي كانت وص
[00:05:11.090 --> 00:05:15.070]  يتهم الأخيرة أبلما اللي اتنين يموتوا بسبب وباء انتشر لما كان عندو
[00:05:15.070 --> 00:05:15.700]   عشر سنين
[00:05:15.700 --> 00:05:20.200]   وبعد ما خصر أهله دس جمع الأطفال التانيين لبقوا يتامى زيه وبقى يكس
[00:05:20.200 --> 00:05:24.300]  ابوا فلوس من تنظيف البلد ويجمعوا المكافئات من صدر وحوش الضعيفة
[00:05:24.300 --> 00:05:29.070]   وتولي الوقت دس كان دايما بيحاول ليعيش على حساب وصيت أهله ولما تم خ
[00:05:29.070 --> 00:05:33.600]  مستشر سنة الحرب آمت على طول فالطواعة لشان يحارب ويحمي الناس الغل
[00:05:33.600 --> 00:05:38.050]  ين عليه ومع مرور السنين اكتشف انه عنده موهب ربانية في الحرب والقت
[00:05:38.050 --> 00:05:38.300]  ال
[00:05:38.300 --> 00:05:42.980]   وبعد ما حارب حرفية العشرين سنة طويلة الحرب أخيرا ننتهد وكم كفقة
[00:05:42.980 --> 00:05:47.700]   على كل الحقاء وعمله الملك منحوا الأرض دي وبعدما سمعت قصته
[00:05:47.700 --> 00:05:51.380]   مول صدقت الندس نييت وصفية وصادق فأنه هو عاوز يحمي رعايا
[00:05:51.380 --> 00:05:53.220]   بس على طول سألته سؤال كمان
[00:05:53.220 --> 00:05:56.780]   لو ما كانوش من رعايا هل كان هايختار بردن ما هو يكون حلف ليهم؟
[00:05:56.780 --> 00:05:58.460]   ده صعلةول جاوب بقاوة
[00:05:58.460 --> 00:06:00.940]   بس بعد لما قال لها استوعي بحاجة مهمة
[00:06:00.940 --> 00:06:02.980]   هم عمرهم مكانوا رعايا من الأساس
[00:06:02.980 --> 00:06:04.940]   وفي الحقيقة هم أعداء المملكة
[00:06:04.940 --> 00:06:08.940]   ملأخيرا عرفت نفسها بشكل رسمع لأنها زعيمة كبيلة أناكين
[00:06:08.940 --> 00:06:13.310]   والأجيال طويلة شعبها حارب دد المملكة علم الكيض أرض المراعيدي بس
[00:06:13.310 --> 00:06:17.260]   من خمسين سنة فاته اتهزمها زي مصحقة وأكبروا على الهروب
[00:06:17.260 --> 00:06:20.940]   ده سستغرب وسألت زي قدر يكملوا عيشة هنا بعد لما خصروا الحرب
[00:06:20.940 --> 00:06:23.860]   فمول على طول وردت الإجاب عملي عن طريق تغزين المانة
[00:06:23.860 --> 00:06:26.340]   اللي هي الطقة السحرية قوى الأورون اللي فرصهم
[00:06:26.340 --> 00:06:29.780]   والأنكين بيقدروا يعملوا تعوي السحرية قوية ومتنوعة
[00:06:29.780 --> 00:06:34.290]   وباستخدام السحر ده هم خفين قريةهم بالكامل عن العالم الخارجي ومش خ
[00:06:34.290 --> 00:06:38.840]  فين القرية وبس لأ ده كمان خفين كل أصر لو وجودهم كمان ده سأل لأ شوه
[00:06:38.840 --> 00:06:43.270]  ية ومكانش متأكد لو كان المفروض ملتو الكلام زي ده بمانه يعني كانت ت
[00:06:43.270 --> 00:06:46.980]  بع المملكة أبل كده بس ملتو منتو قلت لما فيش ده على الآلق
[00:06:46.980 --> 00:06:50.960]   وشرحت له إن لو لون قرناها كاللون تاني غريل لون الأزرق ما كانش عمر
[00:06:50.960 --> 00:06:52.500]  ها هتكشف له أي حاجة من دي
[00:06:52.500 --> 00:06:56.950]   الآن كين عندهم تعويزة اسمها مقيم الروح وفي أي وقت بيكون فيه قدمهم
[00:06:56.950 --> 00:07:01.500]   خطر أو أعداء لون الأرن بتاعهم بينور باللون اللحمر ولو الشخص مسلم
[00:07:01.500 --> 00:07:06.100]   ومشايا لأي عداء نحيتهم لأرن بينور أبيض ولو كان لون الأرن أزرق دمع
[00:07:06.100 --> 00:07:10.500]  ني إن الشخص في يوم من الأيام هيجيب الفرحة والبركة للقبيلة كلها
[00:07:10.500 --> 00:07:14.830]   وقدته إن لو داس كان كدب عليهم في أي لحظة كان أرن ألانها يتحول للأح
[00:07:14.830 --> 00:07:18.980]  مر فورا بس ده طبعا ما حصلش وعلى شن كده ألان اختار التسك فيه
[00:07:18.980 --> 00:07:22.860]   مول كمان قالة النهية بتتمنى داس يبقى الورد ممتس في يوم من الأيام و
[00:07:22.860 --> 00:07:27.400]  عرضت عليه سكن وأكل وكمان شوائية مواشية علشان تساعدوا يبدأ حياته و
[00:07:27.400 --> 00:07:31.570]  في المقابل طلبت منه حاجة واحدة بس إن عمر ما يقول لأي حد عم قريتهم
[00:07:31.570 --> 00:07:35.860]   ولا حتى للملك نفسه داس وفق على طول إنه ما عندهوش أي سبب يخلي يعمل
[00:07:35.860 --> 00:07:40.040]   مشاكل معاهم وتلموا هم مش هيبدأوا صراع تانية مع المملكة فهو ما عند
[00:07:40.040 --> 00:07:42.860]  هوش مانع أنهم يكملوا عشتهم في سلام في المراعي
[00:07:42.860 --> 00:07:47.060]   مول بعدها قلت كده بساطة وبشكل عبر النهية هتكلف قلانة علشان تساعد
[00:07:47.060 --> 00:07:49.260]   داش في شغله وتخد قمان بلها منه
[00:07:49.260 --> 00:07:52.100]   ودخل لقلانة صوت وتصرخ بأعلى صوتها على الأطول
[00:07:52.100 --> 00:07:55.220]   وبعدها أهل القرية ساعدوا داس علشان ينصب الخيمة بتاعته
[00:07:55.220 --> 00:07:58.930]   وقلانة فهمتوا إن كل الناس في القرية عيشين في خيم علشان يقدروا يلم
[00:07:58.930 --> 00:08:00.940]  وا حاجتهم بسرعة ويمشوا في أي وقت
[00:08:00.940 --> 00:08:04.420]   وده طبعا لو قبلوا خطر مش هيقدروا يتفدو بمجرد الإختفاء
[00:08:04.420 --> 00:08:08.670]   وقالت إداس النبائي مؤنة ولوازمها توصل أريب وإنها هتعلموا الزير
[00:08:08.670 --> 00:08:13.340]   على المواشب عدين وقبل لما تمشي سلمتوا كس صغير في بودرة وشرحتوا إن
[00:08:13.340 --> 00:08:15.020]   البودر دي لما تترش في المكان
[00:08:15.020 --> 00:08:19.340]   رحتها تيجز بالوحوش والحيوانات الأريبة ولو صادلوحوش دي يقدر ياخد
[00:08:19.340 --> 00:08:24.000]   لحمتها وقلدها ويرجع بيهم القرية ويقضيهم بمؤن تانيكتي ده استطرع ي
[00:08:24.000 --> 00:08:24.820]  ستضع على طول
[00:08:24.820 --> 00:08:28.840]   وبعدها مشها مسافة حلوة بعيد عن القرية افتقر فجأ انه هو ناس يسأل ال
[00:08:28.840 --> 00:08:33.420]  ان المفروض يرش كمية ادي امن البودر دي وبما انه هو ما عندوش اي فكرة
[00:08:33.420 --> 00:08:35.700]   ده لا يكس كله على الأرض وقاعد يستنى
[00:08:35.700 --> 00:08:40.200]   لا قطيع كبير جدا من التران السودة بتهجم عليه وبدل ما يترعب ويخاف د
[00:08:40.200 --> 00:08:44.480]  ه الزهر علي الحامس غريزه بتاعت سنين المعارك والحروب اشتغلت على ط
[00:08:44.480 --> 00:08:44.820]  ول
[00:08:44.820 --> 00:08:49.140]   وبنشوفه بيطلع فسر حرب بتاعه بقوة غاشمة وغبارة ولما المعاركة خلصت
[00:08:49.140 --> 00:08:53.380]   بنشوفه اضع على نصر قطيع تقريبا بس داس استوعب ساعتا انه هو غفل عن
[00:08:53.380 --> 00:08:57.940]   مشكلة مهمة جدا مستحيلها يقدر يشيل كل ده ويرجع بالوحده وعلى ما الش
[00:08:57.940 --> 00:08:58.820]  مس بدأ التغيب
[00:08:58.820 --> 00:09:02.820]   بنشوف داس راجع لقرية الوحده وشايل تروحد بس على كدفه
[00:09:02.820 --> 00:09:06.060]   كان حسس بالأحبات شوية لأنه بعد لما هزم العدد كله
[00:09:06.060 --> 00:09:08.060]   ما أدرش يجيب معاغر واحدة بس
[00:09:08.060 --> 00:09:10.900]   وتوقع أن ألانه غالبا هتتريع علي تاني
[00:09:10.900 --> 00:09:14.180]   بس لما وصل ألانه بهرت جدا بي ومدحته سأفت له
[00:09:14.180 --> 00:09:17.100]   لأنه أدره استطاد طور عملاك من أول عملية تصدلي
[00:09:17.100 --> 00:09:19.780]   ده سأل لها بساطة أنه مش دل واحدة له هو وأتلها
[00:09:19.780 --> 00:09:22.780]   وفهمها أنه في الحقيقة استطاد نصر قطع تقريبا
[00:09:22.780 --> 00:09:25.100]   بس ما عرفش يشيل البائي ويرجع بي
[00:09:25.100 --> 00:09:27.020]   أول لما ألانه سمعت الكلم ده
[00:09:27.020 --> 00:09:30.730]   طلع التجر على طور علشان تجمع شوية من أهل القرية علشان يروحه يساعد
[00:09:30.730 --> 00:09:33.380]  وه يجيبوا بائت تران السوداء اللي هو استطادها
[00:09:33.380 --> 00:09:36.700]   بعد لما مول سمعته لحصل جت علشان تبارك لداس
[00:09:36.700 --> 00:09:38.940]   وقالت له أنه هو رجل قوي يعتمد عليه
[00:09:38.940 --> 00:09:42.380]   وده خلا داس متبرجل ومش فاهم أصدها إيب كلمة رجل دي
[00:09:42.380 --> 00:09:43.980]   والأم طلب منها تشرح له
[00:09:43.980 --> 00:09:48.280]   ملقالت له أن إيمة الرجل بتيجي من كونه شغل وتعبن على نفسه وبيسد في
[00:09:48.280 --> 00:09:48.980]   أي حاجة
[00:09:48.980 --> 00:09:52.770]   وعلى حسب كلامها دي السفطة اللي بتخلل الراجل راجل بيجد وأي حاجة ت
[00:09:52.770 --> 00:09:57.580]  انية بتكون لأش إيمة عن دست مهرم يتكلم بعد كدا وقالت إن لو داس تجوز
[00:09:57.580 --> 00:09:58.980]   ألانه في يوم من الأيام
[00:09:58.980 --> 00:10:03.460]   النص طبيعة تتوقع منه مهر وهدي يتجوز أكبر بيكتير من المعتاد داس حا
[00:10:03.460 --> 00:10:06.220]  ول ينكر على طول إن فيه حاجة من دي ممكن تحصل
[00:10:06.220 --> 00:10:10.470]   بس مول داعة كتوارت لما تألقش لأن البشر والأنكين بيقدروا يتجوزه وي
[00:10:10.470 --> 00:10:11.780]  خلفوا أطفال عدي جدا
[00:10:12.780 --> 00:10:17.340]   و تهدي يوم الصبح ده الصحى لا أقل أنا بتجهزه الفطار وبعد لما ده أول
[00:10:17.340 --> 00:10:17.780]   أطمة
[00:10:17.780 --> 00:10:22.380]   ألّها إن نفسها في الأكل حلوة أو يطبخ شطرة ألّنا سألت نوي تستطئ إنه
[00:10:22.380 --> 00:10:26.080]   أرضى و ده سستغرب و سألها هو وصد بارح ما كانش كفايا والليه
[00:10:26.080 --> 00:10:30.390]   فشرحت له إن لو دهس نفسه يشد نستانيا وتيجة تستكر وتعيش معه في أرضه
[00:10:30.390 --> 00:10:33.300]   هيبقى محتك حاجات كتير زي بير مايا و حمام
[00:10:33.300 --> 00:10:37.730]   ولو عوز الصناعية بتعالقرية يبنوله هيحتك بضاعة أكثر علشان يقديهم
[00:10:37.730 --> 00:10:38.120]   بها
[00:10:38.120 --> 00:10:40.900]   فألها انه هو هيطلع يستطران سودة تاني
[00:10:40.900 --> 00:10:44.580]   بس ألانا رفضت بسرعة وقالت له بدل الوز داق استضوحوش
[00:10:44.580 --> 00:10:48.580]   لحمهم بيبقى مليان طاقة سلبية ومسموما ومحدش بيقدر يكلها
[00:10:48.580 --> 00:10:52.980]   بس مخلبهم وقرونهم والأحجار السحرية اللي قوى قلبهم كل دبي يدبع بأص
[00:10:52.980 --> 00:10:53.980]  عار حلوة جداً
[00:10:53.980 --> 00:10:58.660]   داس ألها لو في أي وحوش قريبة وقالانا ألت ان هي يتقدر تستخدم قوة أر
[00:10:58.660 --> 00:11:03.260]  نها علشان تتدبعهم وتحدد مكانهم داس عطرت في الأول لانه شايف ان الوح
[00:11:03.260 --> 00:11:05.740]  وش خطر جداً ومنفعش تدخل وتدبهد المعاهم
[00:11:05.740 --> 00:11:10.220]   بس بعد شوية غلبه منهده وفق أخيراً انه هو يسبهد دله على الطريق وفي
[00:11:10.220 --> 00:11:11.300]   نفس اليوم بعدين
[00:11:11.300 --> 00:11:16.070]   داس كمبر بيسرح صفوف الغنم لما وصل كذا حد من أهل القرية ومعاهم بقى
[00:11:16.070 --> 00:11:16.420]   مؤنه
[00:11:16.420 --> 00:11:19.740]   وأعتظروا له إن الخيام الدائرية الكبيرة لسه مخلصيتش
[00:11:19.740 --> 00:11:23.100]   بس دسأل لهم متألأوش لأنه مش مستعجل على أي حاجة
[00:11:23.100 --> 00:11:27.020]   وفي اللحظة دي ألان خرجت وهي لبس هدوم منزبة للسفر والحركة
[00:11:27.020 --> 00:11:30.820]   ودس ما لأش نفسه وغير وهو متنح وسر حنفة على ويتخل اللحظة سريعة
[00:11:30.820 --> 00:11:35.030]   أهل القرية اللي كان وقفين أفش ودغزوا جداً لدرجة كان شكلهم هي فرقة
[00:11:35.030 --> 00:11:36.260]   من الغيرة حرفياً
[00:11:36.260 --> 00:11:40.500]   ودس على طول كحب أحراغ وألنه هو هياخد ألانا علشان هيطلعوا يستطعوا
[00:11:40.500 --> 00:11:44.900]   فعلاً وهما في نصة الطريق ألنة ألت تعويزة واستخدمة السحر علشان تحد
[00:11:44.900 --> 00:11:46.460]  د بالضبط مكان اللي وحشفين
[00:11:46.460 --> 00:11:51.450]   وقالت لداس إنه هو وحش كبير دس ألانه هو هيروح يبص بص الأول بس ألانا
[00:11:51.450 --> 00:11:54.460]   رفضت وفكرت أنه هي تقدر تستخدم سحر الإختفاء
[00:11:54.460 --> 00:11:58.320]   ولأول دنيا بازت والوضع ألب بجد هتقدر تخفيهم هما اللي تنينوا يهرب
[00:11:58.320 --> 00:12:00.500]  وا بعدها دس وألانا بص مع بعض
[00:12:00.500 --> 00:12:04.800]   وكتشفوا إنه تنين الأرض ومش مجرد صحيفة بيرا زي مفتكره دس ساعتها ت
[00:12:04.800 --> 00:12:06.700]  حمس وكرر يروح يهجم عليه
[00:12:06.700 --> 00:12:10.770]   ألانا ساعتها خبطته وحظرته أردت له بلاش تجازف وأردت له إنه من الغب
[00:12:10.770 --> 00:12:13.300]  اء والتهور إنك تدخل تهاجم لوحدك كده بس
[00:12:13.300 --> 00:12:17.740]   دس ما سمعش الكلام وكرر إنه هو يواجه تنين دا وشل وش وقال لها تفضل هي
[00:12:17.740 --> 00:12:19.300]   مستخبية بعيدة عن العين
[00:12:19.300 --> 00:12:23.610]   وعلى طول دا ستواح فاسه وضرب جسم التنين المليان أشور بس لا إن الأش
[00:12:23.610 --> 00:12:28.380]  ور دي نشفا وقوية جدا ومش ردية تتكسر ساعتها غير خطته وحاول يروح لنق
[00:12:28.380 --> 00:12:32.800]  ض ضعفه بس تنين الأرض لما نفسه ودارة كل نقض ضعفه وعمل زي الكورا علش
[00:12:32.800 --> 00:12:33.500]  ان يحميها
[00:12:33.500 --> 00:12:37.820]   ألانا فكرت دا ستاني إن موقع التنين الأرض تعتبر ان تحر وتهور بس دا
[00:12:37.820 --> 00:12:41.500]   سيفضل إن نحلوله تخلص ولا إنه يهرب بجلده ويطلع جبان
[00:12:41.500 --> 00:12:45.660]   طلع على طولفه وضهر التنين وفضل يدرب فيه على أمن إن هو يقصر الأشور
[00:12:45.660 --> 00:12:50.140]   دي بس سلاح الفاس بدأ يتقصر ومع ذلك فضل يدوسه يدغط على نفسه وستخدم
[00:12:50.140 --> 00:12:54.690]   عزمته وإردته علشان يقوي الفاس ويكمل درب اسمه مطاقة سلبية تعت التن
[00:12:54.690 --> 00:12:59.190]  ين بدأ يتقصر على ألانا فدا سكرر يدرب وضرب أخيرة ونهائية قبل ما يتر
[00:12:59.190 --> 00:13:00.060]  اجع ويهرب
[00:13:00.060 --> 00:13:08.040]   الدرب دي أخيرا قصرت إشرة من أشوره ورده فعل التنين إنه بدأ يدرب كور
[00:13:08.040 --> 00:13:10.380]   نار نحيته ساعتها دا سيستغل الفرصة والفتحة اللي ظهرت وراح دربه في
[00:13:10.380 --> 00:13:11.100]   نقطة مأتاله وعور الوحشة عويرة جمدة
[00:13:11.100 --> 00:13:15.740]   التنين جمع طاقة علشان يدرب أخير كورت نار وكام واجهها نحيت ألانا ف
[00:13:15.740 --> 00:13:20.660]  دس على طول انتهز الفرصة ونزل بكل كويته على ظهر التنين وقدر إنه يخل
[00:13:20.660 --> 00:13:21.340]  ص عليه
[00:13:21.340 --> 00:13:25.860]   دنكمل حكيتنا وهو بنشوف قرانة دموعة بتنزل أول لما بتشوف شجعته وعلى
[00:13:25.860 --> 00:13:27.500]   طول بتجر تترهما في حضنه
[00:13:27.500 --> 00:13:31.780]   وقبل مداس يستوحب الحضن ده بتعلل فجأ انهما هيتجوزه
[00:13:31.780 --> 00:13:36.380]   بعد وقته قصير داس بيرجع القرية ومعاكزة واحد من سكان قرية الأنكين
[00:13:36.380 --> 00:13:39.340]   وهم بيسحبه جسم التنين الأرض الضخم قوة القرية
[00:13:39.340 --> 00:13:43.240]   وأهل القرية بيعلنه كله فخر ان داس هو الهزم التنين لوحده تماما وكل
[00:13:43.240 --> 00:13:47.760]   اللي حواليهم بيبدأوا يهتفوا ويشدوا بي على الإنجاز العظيم ده وبعد
[00:13:47.760 --> 00:13:52.240]   مجسم التنين بينزل في مكان آمن أخيرا داس بيقعد رائف في سمطة أهل الق
[00:13:52.240 --> 00:13:56.620]  رية وهم بيحتفله بس مش قادر يمنع نفسه من التساءل وبيقولهم مفرحانين
[00:13:56.620 --> 00:14:00.780]   ومتحمسين كده ليه لأنه مش شايف انهزم التنين الأرض حاجة كبيرة يعني
[00:14:00.780 --> 00:14:04.780]   بعدها مولز عامة القرية بتمشو بتروح لداس و بتقول ان هي لسه مش مسدق
[00:14:04.780 --> 00:14:08.820]   ان هو قادر يهزم تنين الارد ده كل الوحده ده سبب بساطة بيقالل من الم
[00:14:08.820 --> 00:14:09.280]  وضوع
[00:14:09.280 --> 00:14:13.400]   و بيقول ان هو ما كانش حاجة سبيشة يعني او مميزة اوي و بدل ما بيطلب ك
[00:14:13.400 --> 00:14:14.280]  نزة او مديح
[00:14:14.280 --> 00:14:18.530]   بيقول ان هو يفضل يعملوا بيرمية محترم و حمان بفلوس او بيقيم تنين ال
[00:14:18.530 --> 00:14:19.780]  ارد ده لما يبعوه
[00:14:19.780 --> 00:14:23.820]   مول بتبتسم و بتقول ان الموضوع ده مش هيبقى مشكلة خالص لان ريجل واحد
[00:14:23.820 --> 00:14:25.460]  ة بس من ريجلين تنين الارض
[00:14:25.460 --> 00:14:30.230]   امتها تكفي لبناء كزبر الوحدة ه و سماعك كلام ده بيخل داس يستوعب اخ
[00:14:30.230 --> 00:14:33.180]  يرا الادئي تنين الارض ده غالي و قيم جدا في الحيئة
[00:14:33.180 --> 00:14:33.180]   مول بتشرح بعد كده انه هم نويين راجعوا حاجات كتيرة من المواد الغال
[00:14:33.180 --> 00:14:33.180]  ية بتعت التنين لداس بمانه هو الهزم و يعني و غير كده هيبنوا كمان الم
[00:14:33.180 --> 00:14:33.180]  رفق الاضافية اللي طلبها و يدوها داية تانية كتير كمكف
[00:14:33.180 --> 00:14:37.500]   مول بتشرح بعد كده انهم نويين راجعوا حاجات كتيرة من المواد الغالية
[00:14:37.500 --> 00:14:41.720]   بتعت التنين لداس بمأنه هو اللهزم و يعني و غير كده هيبنوا كمان الم
[00:14:41.720 --> 00:14:46.220]  رافق الاضافية اللي طلبها و يدوها داية تانية كتير كمكفقة على كل الع
[00:14:46.220 --> 00:14:46.460]  مل
[00:14:46.460 --> 00:14:50.700]   بس ملاهم حداس فجأة بتتقلب و بتتحول اللي جدية لما مول بتفكر انه هو
[00:14:50.700 --> 00:14:53.940]   شير جزء من المكفقة دية علشان هدية جوازه الالانة
[00:14:53.940 --> 00:14:58.270]   و بتقوله ان اهل الانة هيفرحوا جدا لو قالهم حاجة زي مخلب من مخالب ت
[00:14:58.270 --> 00:15:02.500]  نين الارض او حتى نبتاعه كهدية داس بيبسه هو محتار و مش فاهم بجد لي
[00:15:02.500 --> 00:15:06.100]   كل العالم عملي يتكلم عن موضوعي الجواز بتاعه هو و الانة
[00:15:06.100 --> 00:15:10.180]   و بيسأل مول هو اي كلام الجواز اللي شغل ده معنائي بالظبط مول بتشرح
[00:15:10.180 --> 00:15:13.740]   له بكل هدوه انه هو هيتجوز الانة يعني من الاخر كده غزبه عنه
[00:15:13.740 --> 00:15:18.060]   وبتقوله إن ألانة مستعدة تعمل أي حاجة علشان تبني علاقة أريبة معها
[00:15:18.060 --> 00:15:22.220]   فعلشان كده إنه هم يخلو جزء من العيلة عن طريق الجواز هو أفضل حل عند
[00:15:22.220 --> 00:15:22.500]  هم
[00:15:22.500 --> 00:15:26.500]   ومل بتقوله كمان إن انت حتى لو بطريقة ما رفت تتجوز ألانة
[00:15:26.500 --> 00:15:29.820]   مش هتعرف تهرب من كل البنات التانيين اللي موجودين في القرية
[00:15:29.820 --> 00:15:33.460]   علشان مش هيسبوك فحالك وها يفضلوا يجر وراءك لحدي لما تتجوز واحدة
[00:15:33.460 --> 00:15:34.060]   في يوم
[00:15:34.060 --> 00:15:37.860]   بعد مداز بيسمعك كلام ده بيستوعب بسرعة إن الموضوع ده ممكن يبقى مش
[00:15:37.860 --> 00:15:42.530]  كلة أكبر بكتير من إنه يتجوز ألانة في المقام الأول ومع ذلك مل بتقول
[00:15:42.530 --> 00:15:46.860]  ه متألائش لان ألانة راحت خلاص تتكلم معها لها علشان يراتبوا موضوعك
[00:15:46.860 --> 00:15:47.380]   جواز
[00:15:47.380 --> 00:15:51.620]   وأول مداز بيسمع كده بيفهم إن ده غالباً السبب اللي خلا ما يشوفش أل
[00:15:51.620 --> 00:15:52.660]  انة بقاله فترة
[00:15:52.660 --> 00:15:56.700]   بعد كده بيسأل مول لو كان ده معناء إن هم هيبقوا مختبير رسم دلوقتي
[00:15:56.700 --> 00:16:00.450]   مول بتشرح إن الأنكين مش بيمشوا على نفسه عادات الخطوبة بتعت البشر
[00:16:00.450 --> 00:16:04.870]   وبدر كده أول لما اتطرفيني وفقوا بيتجوزوا على طول فوراً ورغم كده د
[00:16:04.870 --> 00:16:09.040]  ه سه يفضل هو الشخص اللي حدد بالظبط الجواز ده يحصل إنته بعدها مول بت
[00:16:09.040 --> 00:16:09.820]  كمل كلامها
[00:16:09.820 --> 00:16:13.980]   وبتشرح إن كل مروابت اللي ده بيبنيها مع القرية وأهلاها بتبقى أكوى
[00:16:13.980 --> 00:16:16.860]   كل لما بيقرب أكتري بقهوه اللورد العظيم القادم
[00:16:16.860 --> 00:16:20.750]   وهي بتعمل كل المقهود ده علشان تساعد داسي بقهوه اللورد العظيم لأن
[00:16:20.750 --> 00:16:24.550]  ها عرفة بالظبط إلا حصل المرة اللي فاتت الشخص اللي فاتت اللي اختار
[00:16:24.550 --> 00:16:27.900]  وا للممسب ده طلع غير صال احتمامة لإدارة وقيادة الناس
[00:16:27.900 --> 00:16:31.250]   وهي مش عوزة التاريخ يعيد نفسه ويسمحوا الشخص تاني غير مناسب إن هو ي
[00:16:31.250 --> 00:16:32.540]  بقى اللورد اللي جاي
[00:16:32.540 --> 00:16:36.860]   وبعد ما مول بتمشي داس بيسمع شوية من أهل القرية بيتكلموا عن قد يقل
[00:16:36.860 --> 00:16:41.160]  نا محزوظة إن هي تتقوث حد قوي زي في السن السغير ده وسماعك كلام ده بي
[00:16:41.160 --> 00:16:46.300]  خلد داسي قلوا فدول فبيسأل واحد منهم هيقلنا عندها كم سنة بالظبط وفي
[00:16:46.300 --> 00:16:51.180]   اللحظة دي بيعرف إن هي عندها 15 سنة بس على طول بيفتح بقه من الصدمة وب
[00:16:51.180 --> 00:16:56.300]  ما إنه عنده 35 سنة فالموضوع حرفيا صدمة لأنه فيما أمبوها دلوقتي
[00:16:56.300 --> 00:17:00.780]   بس أعبد لله المملكة فيها قانون بيقول إن الناس لازم يكون سنوهم 18 سن
[00:17:00.780 --> 00:17:03.100]  ة على لأل لأبل ما يقدروا يتجوزوا
[00:17:03.100 --> 00:17:07.220]   ودمعنا إن داس هيبقى مجرد خطيب قلانة التالت سنين الجيين بس وعلى م
[00:17:07.220 --> 00:17:10.660]  لفرح يحصل أخيراً غالباً هيكون بقى الوردب كامل صراحياته
[00:17:10.660 --> 00:17:14.550]   وهو أعد لوحده بعد كده داس بيستوعب إن هو محتاج شوية وقته علشان يرتب
[00:17:14.550 --> 00:17:17.300]  ق أفكاره ويجهز نفسه كل اللي بيحصل حواليه
[00:17:17.300 --> 00:17:21.690]   ومش بعد وقت طويل علانة بتمشي وبترحلوا ببتسامة من وارا بتقولوا إن
[00:17:21.690 --> 00:17:26.660]   كل حاجة خلاصة ترتبط وبعدم بتسألوا يحب يفطر إصبحتان يوم داس ببساطة
[00:17:26.660 --> 00:17:30.900]   بيرد عليها ببتسامة وبيقولها إن هو تمام بأي حاجة هيتكرر تعملها
[00:17:30.900 --> 00:17:34.640]   لكن ما كانش متوقع أن الحالي ينتهي بي أنه هو يحضر حفلة عشة ضخمة لل
[00:17:34.640 --> 00:17:39.140]  أنكين والكل بيرحب بي رسمي في القرية وبيحتفلوا بمستقبله مع ألانة
[00:17:39.140 --> 00:17:40.820]   وبعد فترة من الحفلة دي
[00:17:40.820 --> 00:17:44.670]   البيريق جديد والحمام خلصوا أخيرا والحياف القرية رجعت بالتدريج لر
[00:17:44.670 --> 00:17:49.140]  وتانها طبيعي بعد الدهر داس بيخلص بون خيمة تانية وبيفكر نفسه أن هو
[00:17:49.140 --> 00:17:53.230]   محتاج بأشتر بكتير فعمية للخيام على شنف الأخر لو نستانية قرار الت
[00:17:53.230 --> 00:17:54.540]  نتقل وتعيش في القرية
[00:17:54.540 --> 00:17:58.180]   وهو مش عاوز أي حد من السكان الجداد ينام على الأرض النشفة من غلسة ك
[00:17:58.180 --> 00:17:58.700]  موناسب
[00:17:58.700 --> 00:18:02.860]   وفي الضحظ دي ألانة بتروح له وبتقول أنه يحسب وجود وحشة غية من الشم
[00:18:02.860 --> 00:18:06.940]  ال وبتشرح أن شكل الوحشة مش كبير أوي بس هو أكيد بيتحرك في التجاهة
[00:18:06.940 --> 00:18:08.500]   القرية مباشرة دلوقتي
[00:18:08.500 --> 00:18:12.840]   داس بكل هدوء كرر أن هو يروح يتعمل بنفسه ومع أنها شايفة أن الموضوع
[00:18:12.840 --> 00:18:15.780]   مش حياخد وقت طويل بتسرق أنها عوزة روح معها
[00:18:15.780 --> 00:18:18.980]   دس بيفضل يقدل معها وبيقولها ان الموضوع خطير عليها
[00:18:18.980 --> 00:18:22.320]   بس بعد لما ألانى بتفضل تزن علي وترفو الطؤعد
[00:18:22.320 --> 00:18:25.180]   بيستسلم في الآخر وبيسمح لها ان هي تيجي معها
[00:18:25.180 --> 00:18:28.720]   وابلما يمر وقت طويل بيوصلوا هم اللي تنيل لمصدر الآلق
[00:18:28.720 --> 00:18:32.740]   وبيكتشفوا ان الوحش اللي جاي نحية الكرية هو في الحقيقة غول ضخم
[00:18:32.740 --> 00:18:34.960]   ولما بيشوفوا حجم الغول ضخم أدقيه
[00:18:34.960 --> 00:18:38.980]   دس وألانى بيستوعب ان هم لازم ينهن معركة دي فأسرع وقت ممكن
[00:18:38.980 --> 00:18:43.220]   فبيهجموا هم اللي تنم في المعركة فورا ودس بيتفاجأ أدقيه ألانى عند
[00:18:43.220 --> 00:18:47.260]  ها خفة حركة فضيعه وجمدة جدا وكمان شطر في استخدام القوس والسهم
[00:18:47.260 --> 00:18:50.680]   وبتتحرك في أرض المعركة بسهولة وهي بتدرب ضربة ضقيقة
[00:18:50.680 --> 00:18:54.560]   وبتعاونهم مع بعض هم اللي تنم بيقدروا يقعوا الغول من غير أي مشاكل ك
[00:18:54.560 --> 00:18:55.120]  تير
[00:18:55.120 --> 00:18:57.680]   بس دأما الهول رحتوا بتكون وحشة جدا وتقرف
[00:18:57.680 --> 00:19:01.490]   وبعد المعركة ألانى بيتسد من أخيرها وبتقول لدس يروح يخس النفسه كوي
[00:19:01.490 --> 00:19:05.480]  س لانها مش هتدخلوا البيت وهو رحتوا وحشة أوي كده دس ما بيبقاش قدام
[00:19:05.480 --> 00:19:08.340]  وا أي حل غير انه هو يروح ينظف نفسه قبل ما يرجع
[00:19:08.340 --> 00:19:12.640]   تانى يوم بنشوف دس الحمفة أفكاره وهو فكر أدقيه يوم بارح كم محبت وب
[00:19:12.640 --> 00:19:15.540]  دا ما يقابل نس جديدة ممكن يبو مواطنين في القرية
[00:19:15.540 --> 00:19:18.180]   انتهى بالأمر انهم بيحربوا وحشتاني خطير
[00:19:18.180 --> 00:19:19.220]   وفي اللحظة دي
[00:19:19.220 --> 00:19:23.420]   ألانة فجأة بتجر نحيته وبتعلم بحماس النهم حوامل و هيجيبوا أطفال صغ
[00:19:23.420 --> 00:19:23.840]  يرين
[00:19:23.840 --> 00:19:28.190]   معانا ألانة أصدها على صدقتها فرنسو إلا أخيرا بايتحامل بعد لما است
[00:19:28.190 --> 00:19:29.380]  نت لوقت طويل جداً
[00:19:29.380 --> 00:19:33.060]   بعد كدا ألانة بتفكر ديس إن الخرفان دي كائنات زكاية
[00:19:33.060 --> 00:19:35.380]   بس الزكاية دا بيجي معانقة الضعف
[00:19:35.380 --> 00:19:38.820]   وبتقول انهم حسسين أكثر بكتير للخوف والضغط النفسي
[00:19:38.820 --> 00:19:43.250]   بكارناتاً بمعظم الأجنسة التانية والمشكلة دي بتبقى أسوأ كمان فطرة
[00:19:43.250 --> 00:19:47.640]   الحامل ساعة الضخط بتبقى جديدة لدرجة ان ممكن يخليهم يفكدوا حياتهم
[00:19:47.640 --> 00:19:51.960]   ألانة بتكترح النداس يفضل قريب من فرنسو وفرنسيس لفطرة علشان يحسوا
[00:19:51.960 --> 00:19:53.020]   بالأمان والدعم
[00:19:53.020 --> 00:19:56.080]   وفي الوقت الحالي كلهم يقعدوا مع بعض في نفس الخيمة
[00:19:56.080 --> 00:19:59.940]   وألانة بتفترد النداس غالباً مش هيجبوا الترتيب دا لأن الخرفان رح
[00:19:59.940 --> 00:20:02.420]  يتها بتبقى وحشة جداً بالزاد في وقت الحامل
[00:20:02.420 --> 00:20:07.250]   لكن اتفقت النداس مش فرق مع الموضوع خالص وافق من غير ما يشتكي ورأيت
[00:20:07.250 --> 00:20:12.140]   ردت فعله دا بيخلي ألانة حس بالراحة لأنه بيبين قد يهوا بفكر وبيروع
[00:20:12.140 --> 00:20:13.460]   شعور الأخرين بجد
[00:20:13.460 --> 00:20:18.050]   وبعد لحظة أرنة ألانة فقى بيبدأ يناور وبيبدأ إشارة إن فيوحوش أو
[00:20:18.050 --> 00:20:20.020]   على لأقل زور غرباء وريبين
[00:20:20.020 --> 00:20:24.400]   وبتشرح بسرعة إن هي حس بعشر أحسنا بقربهم من الشرق داست بيستوعب إن د
[00:20:24.400 --> 00:20:28.320]  ا نفس التجاه العاصمة الملكية بس هو مش مستنى أي زور يبولو
[00:20:28.320 --> 00:20:32.480]   وده بيخلي الموقف مريب شوية فبيقرر داست إن هو يروح ويحقق في الموض
[00:20:32.480 --> 00:20:35.600]  وع بنفسه فحين إن ألانة تقعد علشان تحرص القرية
[00:20:35.600 --> 00:20:39.920]   وبيقرب سرعة نحية ترحو كل المفتوحة وبيشوف بسرعة مجموعة من المسافر
[00:20:39.920 --> 00:20:42.520]  ين في الأول بيجاهز نفسه في حلو كانوا أعداء
[00:20:42.520 --> 00:20:46.760]   بس طرقته تغير في اللحظة اللي بيتعرف فيها على صحب الأديم كلاوس وصط
[00:20:46.760 --> 00:20:51.320]  هم وعلى طول بيسلم عليب حرارة جديدة وبيسأله وإل لجابه كل المسافة دي
[00:20:51.320 --> 00:20:51.600]   هنا
[00:20:51.600 --> 00:20:55.430]   كلاوس بيشرح أن الستة اللي مسافرة معهم هي اللي جاية علشان تشوف دا
[00:20:55.430 --> 00:20:59.640]  ست داست ما بيكونش عنده أي فكرة الستة دي تطلع من بس بيكورر يجبهم علي
[00:20:59.640 --> 00:21:03.040]   الخمة بتاعته علشان يتكلموا على مفراد وخصوصية خاصة
[00:21:03.040 --> 00:21:06.710]   وهو هناج بيستوعب المكان كورر زكي إن هو يخبي كل حاجة معادة الخيمة
[00:21:06.710 --> 00:21:10.600]   اللي بناها داست وعد إن هو يحفز على سرية قرية الأنكين
[00:21:10.600 --> 00:21:14.280]   وشرح وجدهم للغرباء كان يعمل مشكل كتيرة ما فيش داعليها
[00:21:14.280 --> 00:21:16.060]   وأول لما الكل بيستكر
[00:21:16.060 --> 00:21:19.380]   الشب السغيارة أخيرا تعرف نفسها على إنها ديان
[00:21:19.380 --> 00:21:20.940]   الأميرة التلتى للمملكة
[00:21:20.940 --> 00:21:24.480]   وبتسأل داس بكل أدب لو كان الأصر بتاعه ليس تحت الإنشاء
[00:21:24.480 --> 00:21:27.840]   لأنها مشفتش أي خدم أو علامات لبيتنا بيل أريب
[00:21:27.840 --> 00:21:31.940]   داس ببسطة بيشرح أنه مش بيملك أصر هنا وما فيش خدم شغلين عنده
[00:21:31.940 --> 00:21:34.920]   البتر واحدة اللي بيملكه هو الخيمة الوقفة قدامهم دي
[00:21:34.920 --> 00:21:38.710]   وحتى لو شكلها مش موبهر قوي هو قد وقته كبير قدام بيبنيها بإدى اللي
[00:21:38.710 --> 00:21:40.700]   تنين ديان بتتفاجئ لما بتسمع
[00:21:40.700 --> 00:21:44.760]   أن داس بنا كل حاجة حوالي بيده وده لأن الملك الداله مكفقة ضخمة
[00:21:44.760 --> 00:21:48.830]   ومعها مبلغ ملك أكبر علشان يساعد ويبدأ وتفاجئة أكثر لما داس بدأ ي
[00:21:48.830 --> 00:21:49.060]  شرح
[00:21:49.060 --> 00:21:52.790]   أنه مستلمش ولا عملة واحدة من الملك وبيقول لها أنها ترامد في الم
[00:21:52.790 --> 00:21:52.980]  كان
[00:21:52.980 --> 00:21:56.760]   اللي انت شايفها ده من غير ما يدوله أكل أو مياع علشان يعجبيهم
[00:21:56.760 --> 00:22:00.430]   وبعد كده داس بيسأل ديان إلا جبها كل المسافة دي المكان بيعد زي ده د
[00:22:00.430 --> 00:22:03.020]  يان ساعتها بتشرح أنه فيه حرب على وشك النهية
[00:22:03.020 --> 00:22:07.010]   أوم حوالينا العصمة الملكية واما جايين يطلبوا مساعدته لأن الناس د
[00:22:07.010 --> 00:22:08.000]  لوقتي شايفينه
[00:22:08.000 --> 00:22:12.570]   على أنه المنقظ البطل للمملكة وكما مقابل لمساعدته بتعرض نفسها نه
[00:22:12.570 --> 00:22:13.920]  ية تجوزه كمكفقة
[00:22:13.920 --> 00:22:18.590]   بس داس ملوش أيه تمام خالص أنه يدخل في حربة تانية وبمعنى فرنسو للسب
[00:22:18.590 --> 00:22:21.280]  ق اتحامل هو عنده حاجات أهمة علشان يحميها
[00:22:21.280 --> 00:22:25.130]   فعلا شن كده بكل هدوء يرفض عرضها وبيتل من ديان بكل أدى بالنهاية تمش
[00:22:25.130 --> 00:22:27.940]  ي لو كان ده السبب الوحيدة اللي جايه علشانه
[00:22:27.940 --> 00:22:31.970]   واحد من حور رز ديان بيغضب جدا بعدما بيسمع داس وهو يرفض عرض الأميرة
[00:22:31.970 --> 00:22:34.780]   بالجواز وبيحاوله هدده هو بيطلع سيفه
[00:22:34.780 --> 00:22:38.690]   وابلما يهجم عليه داس على طول بيطير السلاح بضربة واحدة وبيأسم الس
[00:22:38.690 --> 00:22:39.880]  يف نصين بالضبط
[00:22:39.880 --> 00:22:44.380]   الحرس على طول بيجهز علشان اهجم تاني بس كلاوس بيدخل بسرعة وبيوقفه
[00:22:44.380 --> 00:22:48.270]   وبيقول للبقيين انه مفيش فايدا من محاولة محرب الداس لانه حتى لو كل
[00:22:48.270 --> 00:22:52.380]   واحد فيهم هجم معتاني هم برضه مش هيبقى عندهم اي فرصة ادهمه
[00:22:52.380 --> 00:22:56.860]   وبعدما المدموعة تمشي داس بيبصح حوالي وبيستوعب انه ممكن يكون يستخ
[00:22:56.860 --> 00:23:00.880]  دم كوة زيادة شوية وهجوم ده باوز الحصيرة بتعطى الأرضية قوى الخيمة
[00:23:00.880 --> 00:23:04.880]   وعلى طول بيستوعب انه علانا اكدها تهزقه علشان الفوضة اللي عملها دي
[00:23:04.880 --> 00:23:07.180]   وفي الوقت ده بنشوف ديان وهي بتمشي فيه دوء
[00:23:07.180 --> 00:23:11.860]   لكن بتكون مديئة جدا من داس وده لانه رفض طلبها وكمان عرض الجواز بت
[00:23:11.860 --> 00:23:16.320]  اعها وقول لما داس بيخرج بره علانا فجأة بتظهر نفسها ومعها فرانسس وف
[00:23:16.320 --> 00:23:18.980]  رانسو اللي كانوا مستخبيين قريب تقول الوقت
[00:23:18.980 --> 00:23:23.300]   وبتقوله انه كل اللجوم مع ديان مشه بهالة حمرى معدى شخص واحد بس هل ت
[00:23:23.300 --> 00:23:26.780]  فضلت زرقه وبتشرح ان الهالة الحمرى دي بتمسل العداء
[00:23:26.780 --> 00:23:31.260]   فحين ان الهالة الزرقة دي بتبين الصقا والمودة بعد سماعها داس بيخمن
[00:23:31.260 --> 00:23:34.180]   ان الشخص الوحيدة لهالت زرقة اكيد هو كنكلاوس
[00:23:34.180 --> 00:23:39.010]   وتاني هو الصبح داس بيصح على رحة الفطار وقلانة بتجاهز وقبت الصبح
[00:23:39.010 --> 00:23:39.780]   وهي بتطبخ
[00:23:39.780 --> 00:23:43.940]   وفجأ بتقوله ان في بنا ادم عمال يلف وقريب والغريب ان الشخص دا مش بي
[00:23:43.940 --> 00:23:45.980]  ان علي انه يدور على حاجة معيانة
[00:23:45.980 --> 00:23:49.610]   وبتقوله انه يمشي من غير اي اتجاه واضح داس بيخمن على طول انه دا م
[00:23:49.610 --> 00:23:53.580]  مكن يكون مسافر تاية فبيكرر يروحي شوفه بنفسه علشان يساعده
[00:23:53.580 --> 00:23:57.800]   قلان وفرنسز وفرنسو بيكرر ويمش واراهم ما كمان بس بيستخدموا طبعا كد
[00:23:57.800 --> 00:23:59.980]  رة الاخفاء علشان الزير ما يشوفهمش
[00:23:59.980 --> 00:24:03.970]   وبعد مشي في الواجه الفطرة داس بيلمح في الاخر المسافر وبيستوعب انه
[00:24:03.970 --> 00:24:08.660]   هو كلاوس ولم بيقبله داس بيلاحظ انه كلاوس مش لا بس درعه او شايل سيف
[00:24:08.660 --> 00:24:08.780]  ه
[00:24:08.780 --> 00:24:12.490]   كلاوس بيشرح انه هو ساب الخدمة في الجيش وده لانه مش عاوز ينتهي بالح
[00:24:12.490 --> 00:24:16.540]  ال انه هو بيحارب على خطوة الجبهة في الحرب اللي جاية وبدل كده هو ساف
[00:24:16.540 --> 00:24:20.380]  ر كل الطريق ده هنا لانه عاوز يشتغل عند داس عسكاري خزبي
[00:24:20.380 --> 00:24:24.230]   وستمعيك كلام ده بيخل داس يفتكر انه كلاوس هو شخص الوحيد اللي عمره م
[00:24:24.230 --> 00:24:28.800]  بصوله او دنظره او لييله علشان هو يتيم حتى لما كان كله بيعمله بطري
[00:24:28.800 --> 00:24:29.380]  قة وحشة
[00:24:29.380 --> 00:24:31.380]   كلاوس دايمان كان بيعمل باحترام
[00:24:31.380 --> 00:24:34.700]   داس بيعترف ان وجود واحد زي كلاوس جنبو هايبقى مطمئن
[00:24:34.700 --> 00:24:38.820]   بس قبل لما يخد كرار بيحسن هو لازم يسأل الان عرائيها ايه
[00:24:38.820 --> 00:24:41.540]   وفجأ الان بتظهر من مفيش هيه وفرنسو
[00:24:41.540 --> 00:24:43.380]   وكلاوس بيتفاجئ لما بيشوفها
[00:24:43.380 --> 00:24:46.460]   بعدها الان بتقول لداس مفيش داعي للقلق من كلاوس
[00:24:46.460 --> 00:24:49.380]   لان الارن بتاعها بينور باللون الازرق طول الوقت
[00:24:49.380 --> 00:24:51.780]   وده بيثبت ان هو ملوش ايه نواية عدائية
[00:24:51.780 --> 00:24:55.640]   وكلاوس على طول بيسأل داس وبيقوله الان دي ظهرت فجأ منين وزاي داس بب
[00:24:55.640 --> 00:25:00.050]  ساطة بيقوله ان هي قصة طويلة اوي وقالوا انها شرح لها كل حاجة لما نرج
[00:25:00.050 --> 00:25:00.620]  ع البيت
[00:25:00.620 --> 00:25:05.970]   وبينكمل حكايتنا وبيعد عشر تيام ومع كل يوم بيعد دي كلاوس بيبقى متأ
[00:25:05.970 --> 00:25:08.500]  كد ان مجيء للمكان ده كان الكرار الصح
[00:25:08.500 --> 00:25:12.630]   وده لان داس ساعد ويبني خيمة جديدة وكامان الرومح والدرع اللي استلم
[00:25:12.630 --> 00:25:15.300]  هم كانوا مصنوعين من مواد اخذوها من التنين
